// Jest Snapshot v1, https://goo.gl/fbAQLP

exports[`PageHeader pageHeader should not render blank dom 1`] = `
<div
  class="bmant-page-header ant-page-header-ghost"
>
  <!---->
  <!---->
  <!---->
  <!---->
</div>
`;

exports[`PageHeader pageHeader should support class 1`] = `
<div
  class="bmant-page-header ant-page-header-ghost not-works"
>
  <!---->
  <div
    class="bmant-page-header-heading"
  >
    <div
      class="bmant-page-header-heading-left"
    >
      <!---->
      <!---->
      <span
        class="bmant-page-header-heading-title"
        title="Page Title"
      >
        Page Title
      </span>
      <!---->
      <!---->
    </div>
    <!---->
  </div>
  <!---->
  <!---->
</div>
`;
