// Jest Snapshot v1, https://goo.gl/fbAQLP

exports[`Breadcrumb should allow Breadcrumb.Item is null or undefined 1`] = `<div class="bmant-breadcrumb"><span><span class="bmant-breadcrumb-link">Home</span><span class="bmant-breadcrumb-separator">/</span></span></div>`;

exports[`Breadcrumb should not display Breadcrumb Item when its children is falsy 1`] = `
<div class="bmant-breadcrumb">
  <!----><span><span class="bmant-breadcrumb-link">xxx</span><span class="bmant-breadcrumb-separator">/</span></span><span><span class="bmant-breadcrumb-link">yyy</span><span class="bmant-breadcrumb-separator">/</span></span>
</div>
`;

exports[`Breadcrumb should render a menu 1`] = `<div class="bmant-breadcrumb"><span><span class="bmant-breadcrumb-link"><a href="#/index">home</a></span><span class="bmant-breadcrumb-separator">/</span></span><span><!----><span class="bmant-breadcrumb-overlay-link ant-dropdown-trigger"><span class="bmant-breadcrumb-link"><a href="#/index/first">first</a></span><span role="img" aria-label="down" class="bmanticon anticon-down"><svg focusable="false" class="" data-icon="down" width="1em" height="1em" fill="currentColor" aria-hidden="true" viewBox="64 64 896 896"><path d="M884 256h-75c-5.1 0-9.9 2.5-12.9 6.6L512 654.2 227.9 262.6c-3-4.1-7.8-6.6-12.9-6.6h-75c-6.5 0-10.3 7.4-6.5 12.7l352.6 486.1c12.8 17.6 39 17.6 51.7 0l352.6-486.1c3.9-5.3.1-12.7-6.4-12.7z"></path></svg></span></span><span class="bmant-breadcrumb-separator">/</span></span><span><span class="bmant-breadcrumb-link"><span>second</span></span><span class="bmant-breadcrumb-separator">/</span></span></div>`;

exports[`Breadcrumb should support Breadcrumb.Item default separator 1`] = `<div class="bmant-breadcrumb"><span><span class="bmant-breadcrumb-link">Location</span><span class="bmant-breadcrumb-separator">/</span></span><span><span><span class="bmant-breadcrumb-link">Mock Node</span><span class="bmant-breadcrumb-separator">/</span></span></span><span><span class="bmant-breadcrumb-link">Application Center</span><span class="bmant-breadcrumb-separator">/</span></span></div>`;

exports[`Breadcrumb should support custom attribute 1`] = `<div class="bmant-breadcrumb" data-custom="custom"><span><span class="bmant-breadcrumb-link" data-custom="custom-item">xxx</span><span class="bmant-breadcrumb-separator">/</span></span><span><span class="bmant-breadcrumb-link">yyy</span><span class="bmant-breadcrumb-separator">/</span></span></div>`;
