// Jest Snapshot v1, https://goo.gl/fbAQLP

exports[`Table.pagination renders pagination correctly 1`] = `
<div class="bmant-table-wrapper">
  <div class="bmant-spin-nested-loading">
    <!---->
    <div class="bmant-spin-container">
      <div class="bmant-table">
        <!---->
        <div class="bmant-table-container">
          <div class="bmant-table-content">
            <table style="table-layout: auto;">
              <colgroup></colgroup>
              <thead class="bmant-table-thead">
                <tr>
                  <th class="bmant-table-cell" colstart="0" colend="0">
                    <!---->Name
                    <!---->
                  </th>
                </tr>
              </thead>
              <tbody class="bmant-table-tbody">
                <!---->
                <tr data-row-key="0" class="bmant-table-row ant-table-row-level-0">
                  <td class="bmant-table-cell">
                    <!---->Jack
                    <!---->
                  </td>
                </tr>
                <!---->
                <tr data-row-key="1" class="bmant-table-row ant-table-row-level-0">
                  <td class="bmant-table-cell">
                    <!---->Lucy
                    <!---->
                  </td>
                </tr>
                <!---->
              </tbody>
              <!---->
            </table>
          </div>
        </div>
        <!---->
      </div>
      <ul unselectable="on" class="bmant-pagination ant-table-pagination ant-table-pagination-right my-page">
        <!---->
        <li title="Previous Page" class="bmant-pagination-prev ant-pagination-disabled" aria-disabled="true"><button class="bmant-pagination-item-link" type="button" tabindex="-1" disabled=""><span role="img" aria-label="left" class="bmanticon anticon-left"><svg focusable="false" class="" data-icon="left" width="1em" height="1em" fill="currentColor" aria-hidden="true" viewBox="64 64 896 896"><path d="M724 218.3V141c0-6.7-7.7-10.4-12.9-6.3L260.3 486.8a31.86 31.86 0 000 50.3l450.8 352.1c5.3 4.1 12.9.4 12.9-6.3v-77.3c0-4.9-2.3-9.6-6.1-12.6l-360-281 360-281.1c3.8-3 6.1-7.7 6.1-12.6z"></path></svg></span></button></li>
        <li title="1" tabindex="0" class="bmant-pagination-item ant-pagination-item-1 ant-pagination-item-active"><a rel="nofollow">1</a></li>
        <li title="2" tabindex="0" class="bmant-pagination-item ant-pagination-item-2"><a rel="nofollow">2</a></li>
        <li title="Next Page" tabindex="0" class="bmant-pagination-next" aria-disabled="false"><button class="bmant-pagination-item-link" type="button" tabindex="-1"><span role="img" aria-label="right" class="bmanticon anticon-right"><svg focusable="false" class="" data-icon="right" width="1em" height="1em" fill="currentColor" aria-hidden="true" viewBox="64 64 896 896"><path d="M765.7 486.8L314.9 134.7A7.97 7.97 0 00302 141v77.3c0 4.9 2.3 9.6 6.1 12.6l360 281.1-360 281.1c-3.9 3-6.1 7.7-6.1 12.6V883c0 6.7 7.7 10.4 12.9 6.3l450.8-352.1a31.96 31.96 0 000-50.4z"></path></svg></span></button></li>
        <!---->
      </ul>
    </div>
  </div>
</div>
`;
