// Jest Snapshot v1, https://goo.gl/fbAQLP

exports[`Tag visibility can be controlled by visible with hidden as initial value 1`] = `<span class="bmant-tag ant-tag-hidden"><!----><!----></span>`;

exports[`Tag visibility can be controlled by visible with hidden as initial value 2`] = `<span class="bmant-tag"><!----><!----></span>`;

exports[`Tag visibility can be controlled by visible with hidden as initial value 3`] = `<span class="bmant-tag ant-tag-hidden"><!----><!----></span>`;

exports[`Tag visibility can be controlled by visible with visible as initial value 1`] = `<span class="bmant-tag"><!----><!----></span>`;

exports[`Tag visibility can be controlled by visible with visible as initial value 2`] = `<span class="bmant-tag ant-tag-hidden"><!----><!----></span>`;

exports[`Tag visibility can be controlled by visible with visible as initial value 3`] = `<span class="bmant-tag"><!----><!----></span>`;
